Target identifier	Contig id	Start	Stop	Strand	Gene symbol	Protein name	Method	Target length	Reference protein length	% Coverage of reference protein	% Identity to reference protein	Alignment length	Accession of closest protein	Name of closest protein	HMM id	HMM description
contig1	contig1	101	958	+	blaTEM-156	class A beta-lactamase TEM-156	ALLELEX	286	286	100.00	100.00	286	WP_061158039.1	class A beta-lactamase TEM-156	NF000531.2	TEM family class A beta-lactamase
contig10	contig10	486	1307	+	blaOXA	class D beta-lactamase	INTERNAL_STOP	274	274	100.00	99.64	274	WP_000722315.1	oxacillin-hydrolyzing class D beta-lactamase OXA-9	NF000270.1	class D beta-lactamase
contig2	contig2	1	1191	+	blaPDC	PDC family class C beta-lactamase	BLASTX	397	397	100.00	99.75	397	WP_061189306.1	class C beta-lactamase PDC-114	NF000422.2	PDC family class C beta-lactamase
contig3	contig3	101	802	+	blaOXA	OXA-48 family class D beta-lactamase	PARTIALX	234	265	88.30	100.00	234	WP_058842180.1	OXA-48 family carbapenem-hydrolyzing class D beta-lactamase OXA-436	NF000387.2	OXA-48 family class D beta-lactamase
contig4	contig4	101	1147	+	vanG	D-alanine--D-serine ligase VanG	EXACTX	349	349	100.00	100.00	349	WP_063856695.1	D-alanine--D-serine ligase VanG	NF000091.3	D-alanine--D-serine ligase VanG
contig8	contig8	101	700	+	blaTEM	TEM family class A beta-lactamase	PARTIAL_CONTIG_ENDX	200	286	69.93	100.00	200	WP_061158039.1	class A beta-lactamase TEM-156	NF000531.2	TEM family class A beta-lactamase
contig9	contig9	1	675	-	aph(3'')-Ib	aminoglycoside O-phosphotransferase APH(3'')-Ib	PARTIAL_CONTIG_ENDX	225	275	81.82	100.00	225	WP_109545041.1	aminoglycoside O-phosphotransferase APH(3'')-Ib	NF032895.1	aminoglycoside O-phosphotransferase APH(3'')-Ib
contig9	contig9	715	1377	-	sul2	sulfonamide-resistant dihydropteroate synthase Sul2	PARTIAL_CONTIG_ENDX	221	271	81.55	100.00	221	WP_001043265.1	sulfonamide-resistant dihydropteroate synthase Sul2	NF000295.1	sulfonamide-resistant dihydropteroate synthase Sul2
