Protein identifier	Contig id	Start	Stop	Strand	Gene symbol	Sequence name	Scope	Element type	Element subtype	Class	Subclass	Method	Target length	Reference sequence length	% Coverage of reference sequence	% Identity to reference sequence	Alignment length	Accession of closest sequence	Name of closest sequence	HMM id	HMM description
NA	NA	0	0	NA	16S_A1055G	 [UNKNOWN]	core	AMR	POINT	TETRACYCLINE	TETRACYCLINE	NA	NA	NA	NA	NA	NA	NA	NA	NA	NA
NA	NA	0	0	NA	16S_A1408G	 [UNKNOWN]	core	AMR	POINT	AMINOGLYCOSIDE	GENTAMICIN_C/NEOMYCIN/PAROMOMYCIN	NA	NA	NA	NA	NA	NA	NA	NA	NA	NA
NA	NA	0	0	NA	16S_A1499G	 [UNKNOWN]	core	AMR	POINT	EDEINE	EDEINE	NA	NA	NA	NA	NA	NA	NA	NA	NA	NA
NA	NA	0	0	NA	16S_A1519C	 [UNKNOWN]	core	AMR	POINT	AMINOGLYCOSIDE	KASUGAMYCIN	NA	NA	NA	NA	NA	NA	NA	NA	NA	NA
NA	NA	0	0	NA	16S_A1519G	 [UNKNOWN]	core	AMR	POINT	AMINOGLYCOSIDE	KASUGAMYCIN	NA	NA	NA	NA	NA	NA	NA	NA	NA	NA
NA	NA	0	0	NA	16S_A1519T	 [UNKNOWN]	core	AMR	POINT	AMINOGLYCOSIDE	KASUGAMYCIN	NA	NA	NA	NA	NA	NA	NA	NA	NA	NA
NA	NA	0	0	NA	16S_A523C	 [UNKNOWN]	core	AMR	POINT	AMINOGLYCOSIDE	STREPTOMYCIN	NA	NA	NA	NA	NA	NA	NA	NA	NA	NA
NA	NA	0	0	NA	16S_A794G	 [UNKNOWN]	core	AMR	POINT	AMINOGLYCOSIDE	KASUGAMYCIN	NA	NA	NA	NA	NA	NA	NA	NA	NA	NA
NA	NA	0	0	NA	16S_A794T	 [UNKNOWN]	core	AMR	POINT	AMINOGLYCOSIDE	KASUGAMYCIN	NA	NA	NA	NA	NA	NA	NA	NA	NA	NA
NA	NA	0	0	NA	16S_A964G	 [UNKNOWN]	core	AMR	POINT	TETRACYCLINE	TETRACYCLINE	NA	NA	NA	NA	NA	NA	NA	NA	NA	NA
NA	NA	0	0	NA	16S_C1054T	 [UNKNOWN]	core	AMR	POINT	TETRACYCLINE	TETRACYCLINE	NA	NA	NA	NA	NA	NA	NA	NA	NA	NA
NA	NA	0	0	NA	16S_C1066T	 [UNKNOWN]	core	AMR	POINT	AMINOGLYCOSIDE	SPECTINOMYCIN	NA	NA	NA	NA	NA	NA	NA	NA	NA	NA
NA	NA	0	0	NA	16S_C1192A	 [UNKNOWN]	core	AMR	POINT	AMINOGLYCOSIDE	SPECTINOMYCIN	NA	NA	NA	NA	NA	NA	NA	NA	NA	NA
NA	NA	0	0	NA	16S_C1192G	 [UNKNOWN]	core	AMR	POINT	AMINOGLYCOSIDE	SPECTINOMYCIN	NA	NA	NA	NA	NA	NA	NA	NA	NA	NA
NA	NA	0	0	NA	16S_C1192T	 [UNKNOWN]	core	AMR	POINT	AMINOGLYCOSIDE	SPECTINOMYCIN	NA	NA	NA	NA	NA	NA	NA	NA	NA	NA
NA	NA	0	0	NA	16S_C528T	 [UNKNOWN]	core	AMR	POINT	AMINOGLYCOSIDE	STREPTOMYCIN	NA	NA	NA	NA	NA	NA	NA	NA	NA	NA
NA	NA	0	0	NA	16S_G1053A	 [UNKNOWN]	core	AMR	POINT	TETRACYCLINE	TETRACYCLINE	NA	NA	NA	NA	NA	NA	NA	NA	NA	NA
NA	NA	0	0	NA	16S_G1058C	 [UNKNOWN]	core	AMR	POINT	TETRACYCLINE	TETRACYCLINE	NA	NA	NA	NA	NA	NA	NA	NA	NA	NA
NA	NA	0	0	NA	16S_G1064A	 [UNKNOWN]	core	AMR	POINT	AMINOGLYCOSIDE	SPECTINOMYCIN	NA	NA	NA	NA	NA	NA	NA	NA	NA	NA
NA	NA	0	0	NA	16S_G1064C	 [UNKNOWN]	core	AMR	POINT	AMINOGLYCOSIDE	SPECTINOMYCIN	NA	NA	NA	NA	NA	NA	NA	NA	NA	NA
NA	NA	0	0	NA	16S_G1064T	 [UNKNOWN]	core	AMR	POINT	AMINOGLYCOSIDE	SPECTINOMYCIN	NA	NA	NA	NA	NA	NA	NA	NA	NA	NA
NA	NA	0	0	NA	16S_G1068A	 [UNKNOWN]	core	AMR	POINT	AMINOGLYCOSIDE	SPECTINOMYCIN	NA	NA	NA	NA	NA	NA	NA	NA	NA	NA
NA	NA	0	0	NA	16S_G527T	 [UNKNOWN]	core	AMR	POINT	AMINOGLYCOSIDE	STREPTOMYCIN	NA	NA	NA	NA	NA	NA	NA	NA	NA	NA
NA	NA	0	0	NA	16S_G926A	 [UNKNOWN]	core	AMR	POINT	AMINOGLYCOSIDE	KASUGAMYCIN	NA	NA	NA	NA	NA	NA	NA	NA	NA	NA
NA	NA	0	0	NA	16S_G926C	 [UNKNOWN]	core	AMR	POINT	AMINOGLYCOSIDE	KASUGAMYCIN	NA	NA	NA	NA	NA	NA	NA	NA	NA	NA
NA	NA	0	0	NA	16S_G926T	 [UNKNOWN]	core	AMR	POINT	AMINOGLYCOSIDE	KASUGAMYCIN	NA	NA	NA	NA	NA	NA	NA	NA	NA	NA
NA	NA	0	0	NA	16S_T1406A	 [UNKNOWN]	core	AMR	POINT	AMINGLYCOSIDE	G418/TOBRAMYCIN	NA	NA	NA	NA	NA	NA	NA	NA	NA	NA
NA	NA	0	0	NA	acrB_R620C	 [UNKNOWN]	core	AMR	POINT	TETRACYCLINE	TIGECYCLINE	NA	0	NA	NA	NA	NA	NA	NA	NA	NA
NA	NA	0	0	NA	acrR_R45C	 [UNKNOWN]	core	AMR	POINT	MULTIDRUG	AMPICILLIN/CHLORAMPHENICOL/QUINOLONE/RIFAMPIN/TETRACYCLINE	NA	0	NA	NA	NA	NA	NA	NA	NA	NA
NA	NA	0	0	NA	basR_G15R	 [UNKNOWN]	core	AMR	POINT	COLISTIN	COLISTIN	NA	0	NA	NA	NA	NA	NA	NA	NA	NA
NA	NA	0	0	NA	basR_G53A	 [UNKNOWN]	core	AMR	POINT	COLISTIN	COLISTIN	NA	0	NA	NA	NA	NA	NA	NA	NA	NA
NA	NA	0	0	NA	basR_G53C	 [UNKNOWN]	core	AMR	POINT	COLISTIN	COLISTIN	NA	0	NA	NA	NA	NA	NA	NA	NA	NA
NA	NA	0	0	NA	basR_G53E	 [UNKNOWN]	core	AMR	POINT	COLISTIN	COLISTIN	NA	0	NA	NA	NA	NA	NA	NA	NA	NA
NA	NA	0	0	NA	basR_G53R	 [UNKNOWN]	core	AMR	POINT	COLISTIN	COLISTIN	NA	0	NA	NA	NA	NA	NA	NA	NA	NA
NA	NA	0	0	NA	basR_G53S	 [UNKNOWN]	core	AMR	POINT	COLISTIN	COLISTIN	NA	0	NA	NA	NA	NA	NA	NA	NA	NA
NA	NA	0	0	NA	basR_G53V	 [UNKNOWN]	core	AMR	POINT	COLISTIN	COLISTIN	NA	0	NA	NA	NA	NA	NA	NA	NA	NA
NA	NA	0	0	NA	basR_G53W	 [UNKNOWN]	core	AMR	POINT	COLISTIN	COLISTIN	NA	0	NA	NA	NA	NA	NA	NA	NA	NA
NA	NA	0	0	NA	basR_L105P	 [UNKNOWN]	core	AMR	POINT	COLISTIN	COLISTIN	NA	0	NA	NA	NA	NA	NA	NA	NA	NA
NA	NA	0	0	NA	basR_R81L	 [UNKNOWN]	core	AMR	POINT	COLISTIN	COLISTIN	NA	0	NA	NA	NA	NA	NA	NA	NA	NA
NA	NA	0	0	NA	basR_R81S	 [UNKNOWN]	core	AMR	POINT	COLISTIN	COLISTIN	NA	0	NA	NA	NA	NA	NA	NA	NA	NA
NA	NA	0	0	NA	basR_S39I	 [UNKNOWN]	core	AMR	POINT	COLISTIN	COLISTIN	NA	0	NA	NA	NA	NA	NA	NA	NA	NA
NA	NA	0	0	NA	cyaA_S352T	 [UNKNOWN]	core	AMR	POINT	FOSMIDOMYCIN	FOSMIDOMYCIN	NA	0	NA	NA	NA	NA	NA	NA	NA	NA
NA	NA	0	0	NA	emrR_L113P	 [UNKNOWN]	core	AMR	POINT	QUINOLONE	NITROXOLINE	NA	0	NA	NA	NA	NA	NA	NA	NA	NA
NA	NA	0	0	NA	emrR_L64R	 [UNKNOWN]	core	AMR	POINT	QUINOLONE	NITROXOLINE	NA	0	NA	NA	NA	NA	NA	NA	NA	NA
NA	NA	0	0	NA	fabG_Y151V	 [UNKNOWN]	core	AMR	POINT	TRICLOSAN	TRICLOSAN	NA	0	NA	NA	NA	NA	NA	NA	NA	NA
NA	NA	0	0	NA	fabI_F203A	 [UNKNOWN]	core	AMR	POINT	ISONIAZID/TRICLOSAN	ISONIAZID/TRICLOSAN	NA	0	NA	NA	NA	NA	NA	NA	NA	NA
NA	NA	0	0	NA	fabI_F203C	 [UNKNOWN]	core	AMR	POINT	ISONIAZID/TRICLOSAN	ISONIAZID/TRICLOSAN	NA	0	NA	NA	NA	NA	NA	NA	NA	NA
NA	NA	0	0	NA	fabI_F203L	 [UNKNOWN]	core	AMR	POINT	ISONIAZID/TRICLOSAN	ISONIAZID/TRICLOSAN	NA	0	NA	NA	NA	NA	NA	NA	NA	NA
NA	NA	0	0	NA	fabI_G93A	 [UNKNOWN]	core	AMR	POINT	ISONIAZID/TRICLOSAN	ISONIAZID/TRICLOSAN	NA	0	NA	NA	NA	NA	NA	NA	NA	NA
NA	NA	0	0	NA	fabI_G93S	 [UNKNOWN]	core	AMR	POINT	ISONIAZID/TRICLOSAN	ISONIAZID/TRICLOSAN	NA	0	NA	NA	NA	NA	NA	NA	NA	NA
NA	NA	0	0	NA	fabI_G93V	 [UNKNOWN]	core	AMR	POINT	ISONIAZID/TRICLOSAN	ISONIAZID/TRICLOSAN	NA	0	NA	NA	NA	NA	NA	NA	NA	NA
NA	NA	0	0	NA	folP_F28I	 [UNKNOWN]	core	AMR	POINT	SULFONAMIDE	SULFONAMIDE	NA	0	NA	NA	NA	NA	NA	NA	NA	NA
NA	NA	0	0	NA	folP_F28L	 [UNKNOWN]	core	AMR	POINT	SULFONAMIDE	SULFONAMIDE	NA	0	NA	NA	NA	NA	NA	NA	NA	NA
NA	NA	0	0	NA	folP_P64A	 [UNKNOWN]	core	AMR	POINT	SULFONAMIDE	SULFONAMIDE	NA	0	NA	NA	NA	NA	NA	NA	NA	NA
NA	NA	0	0	NA	folP_P64H	 [UNKNOWN]	core	AMR	POINT	SULFONAMIDE	SULFONAMIDE	NA	0	NA	NA	NA	NA	NA	NA	NA	NA
NA	NA	0	0	NA	folP_P64L	 [UNKNOWN]	core	AMR	POINT	SULFONAMIDE	SULFONAMIDE	NA	0	NA	NA	NA	NA	NA	NA	NA	NA
NA	NA	0	0	NA	folP_P64R	 [UNKNOWN]	core	AMR	POINT	SULFONAMIDE	SULFONAMIDE	NA	0	NA	NA	NA	NA	NA	NA	NA	NA
NA	NA	0	0	NA	folP_P64S	 [UNKNOWN]	core	AMR	POINT	SULFONAMIDE	SULFONAMIDE	NA	0	NA	NA	NA	NA	NA	NA	NA	NA
NA	NA	0	0	NA	gyrA_A196E	 [UNKNOWN]	core	AMR	POINT	QUINOLONE	QUINOLONE	NA	0	NA	NA	NA	NA	NA	NA	NA	NA
NA	NA	0	0	NA	gyrA_A51V	 [UNKNOWN]	core	AMR	POINT	QUINOLONE	QUINOLONE	NA	0	NA	NA	NA	NA	NA	NA	NA	NA
NA	NA	0	0	NA	gyrA_A67S	 [UNKNOWN]	core	AMR	POINT	QUINOLONE	QUINOLONE	NA	0	NA	NA	NA	NA	NA	NA	NA	NA
NA	NA	0	0	NA	gyrA_A84P	 [UNKNOWN]	core	AMR	POINT	QUINOLONE	QUINOLONE	NA	0	NA	NA	NA	NA	NA	NA	NA	NA
NA	NA	0	0	NA	gyrA_A84V	 [UNKNOWN]	core	AMR	POINT	QUINOLONE	QUINOLONE	NA	0	NA	NA	NA	NA	NA	NA	NA	NA
NA	NA	0	0	NA	gyrA_D82G	 [UNKNOWN]	core	AMR	POINT	QUINOLONE	QUINOLONE	NA	0	NA	NA	NA	NA	NA	NA	NA	NA
NA	NA	0	0	NA	gyrA_D87G	 [UNKNOWN]	core	AMR	POINT	QUINOLONE/TRICLOSAN	QUINOLONE/TRICLOSAN	NA	0	NA	NA	NA	NA	NA	NA	NA	NA
NA	NA	0	0	NA	gyrA_D87H	 [UNKNOWN]	core	AMR	POINT	QUINOLONE/TRICLOSAN	QUINOLONE/TRICLOSAN	NA	0	NA	NA	NA	NA	NA	NA	NA	NA
NA	NA	0	0	NA	gyrA_D87N	 [UNKNOWN]	core	AMR	POINT	QUINOLONE	QUINOLONE	NA	0	NA	NA	NA	NA	NA	NA	NA	NA
NA	NA	0	0	NA	gyrA_D87V	 [UNKNOWN]	core	AMR	POINT	QUINOLONE	QUINOLONE	NA	0	NA	NA	NA	NA	NA	NA	NA	NA
NA	NA	0	0	NA	gyrA_D87Y	 [UNKNOWN]	core	AMR	POINT	QUINOLONE	QUINOLONE	NA	0	NA	NA	NA	NA	NA	NA	NA	NA
NA	NA	0	0	NA	gyrA_G81C	 [UNKNOWN]	core	AMR	POINT	QUINOLONE	QUINOLONE	NA	0	NA	NA	NA	NA	NA	NA	NA	NA
NA	NA	0	0	NA	gyrA_G81D	 [UNKNOWN]	core	AMR	POINT	QUINOLONE	CIPROFLOXACIN	NA	0	NA	NA	NA	NA	NA	NA	NA	NA
NA	NA	0	0	NA	gyrA_H80P	 [UNKNOWN]	core	AMR	POINT	QUINOLONE	QUINOLONE	NA	0	NA	NA	NA	NA	NA	NA	NA	NA
NA	NA	0	0	NA	gyrA_N57K	 [UNKNOWN]	core	AMR	POINT	QUINOLONE	QUINOLONE	NA	0	NA	NA	NA	NA	NA	NA	NA	NA
NA	NA	0	0	NA	gyrA_Q106H	 [UNKNOWN]	core	AMR	POINT	QUINOLONE	QUINOLONE	NA	0	NA	NA	NA	NA	NA	NA	NA	NA
NA	NA	0	0	NA	gyrA_Q106R	 [UNKNOWN]	core	AMR	POINT	QUINOLONE	QUINOLONE	NA	0	NA	NA	NA	NA	NA	NA	NA	NA
NA	NA	0	0	NA	gyrA_S83A	 [UNKNOWN]	core	AMR	POINT	QUINOLONE	QUINOLONE	NA	0	NA	NA	NA	NA	NA	NA	NA	NA
NA	NA	0	0	NA	gyrA_S83F	 [UNKNOWN]	core	AMR	POINT	QUINOLONE/TRICLOSAN	QUINOLONE/TRICLOSAN	NA	0	NA	NA	NA	NA	NA	NA	NA	NA
NA	NA	0	0	NA	gyrA_S83I	 [UNKNOWN]	core	AMR	POINT	QUINOLONE	QUINOLONE	NA	0	NA	NA	NA	NA	NA	NA	NA	NA
NA	NA	0	0	NA	gyrA_S83L	 [UNKNOWN]	core	AMR	POINT	QUINOLONE	QUINOLONE	NA	0	NA	NA	NA	NA	NA	NA	NA	NA
NA	NA	0	0	NA	gyrA_S83V	 [UNKNOWN]	core	AMR	POINT	QUINOLONE	QUINOLONE	NA	0	NA	NA	NA	NA	NA	NA	NA	NA
NA	NA	0	0	NA	gyrA_S83W	 [UNKNOWN]	core	AMR	POINT	QUINOLONE	QUINOLONE	NA	0	NA	NA	NA	NA	NA	NA	NA	NA
NA	NA	0	0	NA	gyrB_D426N	 [UNKNOWN]	core	AMR	POINT	QUINOLONE	QUINOLONE	NA	0	NA	NA	NA	NA	NA	NA	NA	NA
NA	NA	0	0	NA	gyrB_K447E	 [UNKNOWN]	core	AMR	POINT	QUINOLONE	NALIDIXIC_ACID	NA	0	NA	NA	NA	NA	NA	NA	NA	NA
NA	NA	0	0	NA	gyrB_R136C	 [UNKNOWN]	core	AMR	POINT	AMINOCOUMARIN	AMINOCOUMARIN	NA	0	NA	NA	NA	NA	NA	NA	NA	NA
NA	NA	0	0	NA	gyrB_R136E	 [UNKNOWN]	core	AMR	POINT	AMINOCOUMARIN	AMINOCOUMARIN	NA	0	NA	NA	NA	NA	NA	NA	NA	NA
NA	NA	0	0	NA	gyrB_R136G	 [UNKNOWN]	core	AMR	POINT	AMINOCOUMARIN	AMINOCOUMARIN	NA	0	NA	NA	NA	NA	NA	NA	NA	NA
NA	NA	0	0	NA	gyrB_R136H	 [UNKNOWN]	core	AMR	POINT	AMINOCOUMARIN	AMINOCOUMARIN	NA	0	NA	NA	NA	NA	NA	NA	NA	NA
NA	NA	0	0	NA	gyrB_R136I	 [UNKNOWN]	core	AMR	POINT	AMINOCOUMARIN	AMINOCOUMARIN	NA	0	NA	NA	NA	NA	NA	NA	NA	NA
NA	NA	0	0	NA	gyrB_R136L	 [UNKNOWN]	core	AMR	POINT	AMINOCOUMARIN	AMINOCOUMARIN	NA	0	NA	NA	NA	NA	NA	NA	NA	NA
NA	NA	0	0	NA	gyrB_R136S	 [UNKNOWN]	core	AMR	POINT	AMINOCOUMARIN	AMINOCOUMARIN	NA	0	NA	NA	NA	NA	NA	NA	NA	NA
NA	NA	0	0	NA	lon_P403L	 [UNKNOWN]	core	AMR	POINT	TETRACYCLINE	TIGECYCLINE	NA	0	NA	NA	NA	NA	NA	NA	NA	NA
NA	NA	0	0	NA	marR_A70T	 [UNKNOWN]	core	AMR	POINT	MULTIDRUG	AMPICILLIN/CHLORAMPHENICOL/QUINOLONE/RIFAMPIN/TETRACYCLINE	NA	0	NA	NA	NA	NA	NA	NA	NA	NA
NA	NA	0	0	NA	marR_E31STOP	 [UNKNOWN]	core	AMR	POINT	MULTIDRUG	AMPICILLIN/CHLORAMPHENICOL/QUINOLONE/RIFAMPIN/TETRACYCLINE	NA	0	NA	NA	NA	NA	NA	NA	NA	NA
NA	NA	0	0	NA	marR_I49S	 [UNKNOWN]	core	AMR	POINT	MULTIDRUG	AMPICILLIN/CHLORAMPHENICOL/QUINOLONE/RIFAMPIN/TETRACYCLINE	NA	0	NA	NA	NA	NA	NA	NA	NA	NA
NA	NA	0	0	NA	marR_L78M	 [UNKNOWN]	core	AMR	POINT	MULTIDRUG	AMPICILLIN/CHLORAMPHENICOL/QUINOLONE/RIFAMPIN/TETRACYCLINE	NA	0	NA	NA	NA	NA	NA	NA	NA	NA
NA	NA	0	0	NA	marR_R73C	 [UNKNOWN]	core	AMR	POINT	MULTIDRUG	AMPICILLIN/CHLORAMPHENICOL/QUINOLONE/RIFAMPIN/TETRACYCLINE	NA	0	NA	NA	NA	NA	NA	NA	NA	NA
NA	NA	0	0	NA	marR_R73S	 [UNKNOWN]	core	AMR	POINT	MULTIDRUG	AMPICILLIN/CHLORAMPHENICOL/QUINOLONE/RIFAMPIN/TETRACYCLINE	NA	0	NA	NA	NA	NA	NA	NA	NA	NA
NA	NA	0	0	NA	marR_R77C	 [UNKNOWN]	core	AMR	POINT	MULTIDRUG	AMPICILLIN/CHLORAMPHENICOL/QUINOLONE/RIFAMPIN/TETRACYCLINE	NA	0	NA	NA	NA	NA	NA	NA	NA	NA
NA	NA	0	0	NA	marR_R77L	 [UNKNOWN]	core	AMR	POINT	MULTIDRUG	AMPICILLIN/CHLORAMPHENICOL/QUINOLONE/RIFAMPIN/TETRACYCLINE	NA	0	NA	NA	NA	NA	NA	NA	NA	NA
NA	NA	0	0	NA	marR_R94H	 [UNKNOWN]	core	AMR	POINT	MULTIDRUG	AMPICILLIN/CHLORAMPHENICOL/QUINOLONE/RIFAMPIN/TETRACYCLINE	NA	0	NA	NA	NA	NA	NA	NA	NA	NA
NA	NA	0	0	NA	marR_R94S	 [UNKNOWN]	core	AMR	POINT	MULTIDRUG	AMPICILLIN/CHLORAMPHENICOL/QUINOLONE/RIFAMPIN/TETRACYCLINE	NA	0	NA	NA	NA	NA	NA	NA	NA	NA
NA	NA	0	0	NA	marR_S3N	 [UNKNOWN]	core	AMR	POINT	MULTIDRUG	AMPICILLIN/CHLORAMPHENICOL/QUINOLONE/RIFAMPIN/TETRACYCLINE	NA	0	NA	NA	NA	NA	NA	NA	NA	NA
NA	NA	0	0	NA	marR_V45E	 [UNKNOWN]	core	AMR	POINT	MULTIDRUG	AMPICILLIN/CHLORAMPHENICOL/QUINOLONE/RIFAMPIN/TETRACYCLINE	NA	0	NA	NA	NA	NA	NA	NA	NA	NA
NA	NA	0	0	NA	marR_V96E	 [UNKNOWN]	core	AMR	POINT	MULTIDRUG	AMPICILLIN/CHLORAMPHENICOL/QUINOLONE/RIFAMPIN/TETRACYCLINE	NA	0	NA	NA	NA	NA	NA	NA	NA	NA
NA	NA	0	0	NA	murA_C115D	 [UNKNOWN]	core	AMR	POINT	FOSFOMYCIN	FOSFOMYCIN	NA	0	NA	NA	NA	NA	NA	NA	NA	NA
NA	NA	0	0	NA	murA_C115E	 [UNKNOWN]	core	AMR	POINT	FOSFOMYCIN	FOSFOMYCIN	NA	0	NA	NA	NA	NA	NA	NA	NA	NA
NA	NA	0	0	NA	murA_C115S	 [UNKNOWN]	core	AMR	POINT	FOSFOMYCIN	FOSFOMYCIN	NA	0	NA	NA	NA	NA	NA	NA	NA	NA
NA	NA	0	0	NA	murA_D396N	 [UNKNOWN]	core	AMR	POINT	FOSFOMYCIN	FOSFOMYCIN	NA	0	NA	NA	NA	NA	NA	NA	NA	NA
NA	NA	0	0	NA	murA_L370I	 [UNKNOWN]	core	AMR	POINT	FOSFOMYCIN	FOSFOMYCIN	NA	0	NA	NA	NA	NA	NA	NA	NA	NA
NA	NA	0	0	NA	ompF_G141D	 [UNKNOWN]	core	AMR	POINT	FOSFOMYCIN	FOSFOMYCIN	NA	0	NA	NA	NA	NA	NA	NA	NA	NA
NA	NA	0	0	NA	ompF_G141E	 [UNKNOWN]	core	AMR	POINT	FOSFOMYCIN	FOSFOMYCIN	NA	0	NA	NA	NA	NA	NA	NA	NA	NA
NA	NA	0	0	NA	parC_A108T	 [UNKNOWN]	core	AMR	POINT	QUINOLONE	QUINOLONE	NA	0	NA	NA	NA	NA	NA	NA	NA	NA
NA	NA	0	0	NA	parC_A108V	 [UNKNOWN]	core	AMR	POINT	QUINOLONE	QUINOLONE	NA	0	NA	NA	NA	NA	NA	NA	NA	NA
NA	NA	0	0	NA	parC_A56T	 [UNKNOWN]	core	AMR	POINT	QUINOLONE	QUINOLONE	NA	0	NA	NA	NA	NA	NA	NA	NA	NA
NA	NA	0	0	NA	parC_A85T	 [UNKNOWN]	core	AMR	POINT	QUINOLONE	QUINOLONE	NA	0	NA	NA	NA	NA	NA	NA	NA	NA
NA	NA	0	0	NA	parC_D111H	 [UNKNOWN]	core	AMR	POINT	QUINOLONE	QUINOLONE	NA	0	NA	NA	NA	NA	NA	NA	NA	NA
NA	NA	0	0	NA	parC_E84A	 [UNKNOWN]	core	AMR	POINT	QUINOLONE	QUINOLONE	NA	0	NA	NA	NA	NA	NA	NA	NA	NA
NA	NA	0	0	NA	parC_E84G	 [UNKNOWN]	core	AMR	POINT	QUINOLONE	QUINOLONE	NA	0	NA	NA	NA	NA	NA	NA	NA	NA
NA	NA	0	0	NA	parC_E84K	 [UNKNOWN]	core	AMR	POINT	QUINOLONE	QUINOLONE	NA	0	NA	NA	NA	NA	NA	NA	NA	NA
NA	NA	0	0	NA	parC_E84R	 [UNKNOWN]	core	AMR	POINT	QUINOLONE	QUINOLONE	NA	0	NA	NA	NA	NA	NA	NA	NA	NA
NA	NA	0	0	NA	parC_E84V	 [UNKNOWN]	core	AMR	POINT	QUINOLONE	QUINOLONE	NA	0	NA	NA	NA	NA	NA	NA	NA	NA
NA	NA	0	0	NA	parC_F60I	 [UNKNOWN]	core	AMR	POINT	QUINOLONE	QUINOLONE	NA	0	NA	NA	NA	NA	NA	NA	NA	NA
NA	NA	0	0	NA	parC_F60L	 [UNKNOWN]	core	AMR	POINT	QUINOLONE	QUINOLONE	NA	0	NA	NA	NA	NA	NA	NA	NA	NA
NA	NA	0	0	NA	parC_G78C	 [UNKNOWN]	core	AMR	POINT	QUINOLONE	QUINOLONE	NA	0	NA	NA	NA	NA	NA	NA	NA	NA
NA	NA	0	0	NA	parC_G78D	 [UNKNOWN]	core	AMR	POINT	QUINOLONE	QUINOLONE	NA	0	NA	NA	NA	NA	NA	NA	NA	NA
NA	NA	0	0	NA	parC_G78K	 [UNKNOWN]	core	AMR	POINT	QUINOLONE	QUINOLONE	NA	0	NA	NA	NA	NA	NA	NA	NA	NA
NA	NA	0	0	NA	parC_S129P	 [UNKNOWN]	core	AMR	POINT	QUINOLONE	QUINOLONE	NA	0	NA	NA	NA	NA	NA	NA	NA	NA
NA	NA	0	0	NA	parC_S57T	 [UNKNOWN]	core	AMR	POINT	QUINOLONE	QUINOLONE	NA	0	NA	NA	NA	NA	NA	NA	NA	NA
NA	NA	0	0	NA	parC_S80F	 [UNKNOWN]	core	AMR	POINT	QUINOLONE	QUINOLONE	NA	0	NA	NA	NA	NA	NA	NA	NA	NA
NA	NA	0	0	NA	parC_S80I	 [UNKNOWN]	core	AMR	POINT	QUINOLONE	QUINOLONE	NA	0	NA	NA	NA	NA	NA	NA	NA	NA
NA	NA	0	0	NA	parC_S80L	 [UNKNOWN]	core	AMR	POINT	QUINOLONE	QUINOLONE	NA	0	NA	NA	NA	NA	NA	NA	NA	NA
NA	NA	0	0	NA	parC_S80R	 [UNKNOWN]	core	AMR	POINT	QUINOLONE	QUINOLONE	NA	0	NA	NA	NA	NA	NA	NA	NA	NA
NA	NA	0	0	NA	parC_S80W	 [UNKNOWN]	core	AMR	POINT	QUINOLONE	QUINOLONE	NA	0	NA	NA	NA	NA	NA	NA	NA	NA
NA	NA	0	0	NA	parC_S80Y	 [UNKNOWN]	core	AMR	POINT	QUINOLONE	QUINOLONE	NA	0	NA	NA	NA	NA	NA	NA	NA	NA
NA	NA	0	0	NA	parE_D475E	 [UNKNOWN]	core	AMR	POINT	QUINOLONE	QUINOLONE	NA	0	NA	NA	NA	NA	NA	NA	NA	NA
NA	NA	0	0	NA	parE_D476N	 [UNKNOWN]	core	AMR	POINT	QUINOLONE	QUINOLONE	NA	0	NA	NA	NA	NA	NA	NA	NA	NA
NA	NA	0	0	NA	parE_E460D	 [UNKNOWN]	core	AMR	POINT	QUINOLONE	QUINOLONE	NA	0	NA	NA	NA	NA	NA	NA	NA	NA
NA	NA	0	0	NA	parE_E460K	 [UNKNOWN]	core	AMR	POINT	QUINOLONE	QUINOLONE	NA	0	NA	NA	NA	NA	NA	NA	NA	NA
NA	NA	0	0	NA	parE_G423R	 [UNKNOWN]	core	AMR	POINT	QUINOLONE	QUINOLONE	NA	0	NA	NA	NA	NA	NA	NA	NA	NA
NA	NA	0	0	NA	parE_I355T	 [UNKNOWN]	core	AMR	POINT	QUINOLONE	QUINOLONE	NA	0	NA	NA	NA	NA	NA	NA	NA	NA
NA	NA	0	0	NA	parE_I444F	 [UNKNOWN]	core	AMR	POINT	QUINOLONE	QUINOLONE	NA	0	NA	NA	NA	NA	NA	NA	NA	NA
NA	NA	0	0	NA	parE_I464F	 [UNKNOWN]	core	AMR	POINT	QUINOLONE	QUINOLONE	NA	0	NA	NA	NA	NA	NA	NA	NA	NA
NA	NA	0	0	NA	parE_I470M	 [UNKNOWN]	core	AMR	POINT	QUINOLONE	QUINOLONE	NA	0	NA	NA	NA	NA	NA	NA	NA	NA
NA	NA	0	0	NA	parE_I529L	 [UNKNOWN]	core	AMR	POINT	QUINOLONE	QUINOLONE	NA	0	NA	NA	NA	NA	NA	NA	NA	NA
NA	NA	0	0	NA	parE_L416F	 [UNKNOWN]	core	AMR	POINT	QUINOLONE	QUINOLONE	NA	0	NA	NA	NA	NA	NA	NA	NA	NA
NA	NA	0	0	NA	parE_L445H	 [UNKNOWN]	core	AMR	POINT	QUINOLONE	QUINOLONE	NA	0	NA	NA	NA	NA	NA	NA	NA	NA
NA	NA	0	0	NA	parE_P439S	 [UNKNOWN]	core	AMR	POINT	QUINOLONE	QUINOLONE	NA	0	NA	NA	NA	NA	NA	NA	NA	NA
NA	NA	0	0	NA	parE_S458A	 [UNKNOWN]	core	AMR	POINT	QUINOLONE	QUINOLONE	NA	0	NA	NA	NA	NA	NA	NA	NA	NA
NA	NA	0	0	NA	parE_S458T	 [UNKNOWN]	core	AMR	POINT	QUINOLONE	QUINOLONE	NA	0	NA	NA	NA	NA	NA	NA	NA	NA
NA	NA	0	0	NA	ptsI_V25I	 [UNKNOWN]	core	AMR	POINT	FOSFOMYCIN	FOSFOMYCIN	NA	0	NA	NA	NA	NA	NA	NA	NA	NA
NA	NA	0	0	NA	rpoB_H526Y	 [UNKNOWN]	core	AMR	POINT	RIFAMYCIN	RIFAMYCIN	NA	0	NA	NA	NA	NA	NA	NA	NA	NA
NA	NA	0	0	NA	rpoB_I572F	 [UNKNOWN]	core	AMR	POINT	RIFAMYCIN	RIFAMYCIN	NA	0	NA	NA	NA	NA	NA	NA	NA	NA
NA	NA	0	0	NA	rpoB_I572L	 [UNKNOWN]	core	AMR	POINT	RIFAMYCIN	RIFAMYCIN	NA	0	NA	NA	NA	NA	NA	NA	NA	NA
NA	NA	0	0	NA	rpoB_I572N	 [UNKNOWN]	core	AMR	POINT	RIFAMYCIN	RIFAMYCIN	NA	0	NA	NA	NA	NA	NA	NA	NA	NA
NA	NA	0	0	NA	rpoB_L533P	 [UNKNOWN]	core	AMR	POINT	RIFAMYCIN	RIFAMYCIN	NA	0	NA	NA	NA	NA	NA	NA	NA	NA
NA	NA	0	0	NA	rpoB_P564L	 [UNKNOWN]	core	AMR	POINT	RIFAMYCIN	RIFAMYCIN	NA	0	NA	NA	NA	NA	NA	NA	NA	NA
NA	NA	0	0	NA	rpoB_Q513L	 [UNKNOWN]	core	AMR	POINT	RIFAMYCIN	RIFAMYCIN	NA	0	NA	NA	NA	NA	NA	NA	NA	NA
NA	NA	0	0	NA	rpoB_Q513P	 [UNKNOWN]	core	AMR	POINT	RIFAMYCIN	RIFAMYCIN	NA	0	NA	NA	NA	NA	NA	NA	NA	NA
NA	NA	0	0	NA	rpoB_R529C	 [UNKNOWN]	core	AMR	POINT	RIFAMYCIN	RIFAMYCIN	NA	0	NA	NA	NA	NA	NA	NA	NA	NA
NA	NA	0	0	NA	rpoB_R529S	 [UNKNOWN]	core	AMR	POINT	RIFAMYCIN	RIFAMYCIN	NA	0	NA	NA	NA	NA	NA	NA	NA	NA
NA	NA	0	0	NA	rpoB_R687H	 [UNKNOWN]	core	AMR	POINT	RIFAMYCIN	RIFAMYCIN	NA	0	NA	NA	NA	NA	NA	NA	NA	NA
NA	NA	0	0	NA	rpoB_S531F	 [UNKNOWN]	core	AMR	POINT	RIFAMYCIN	RIFAMYCIN	NA	0	NA	NA	NA	NA	NA	NA	NA	NA
NA	NA	0	0	NA	rpoB_T563P	 [UNKNOWN]	core	AMR	POINT	RIFAMYCIN	RIFAMYCIN	NA	0	NA	NA	NA	NA	NA	NA	NA	NA
NA	NA	0	0	NA	rpoB_V146F	 [UNKNOWN]	core	AMR	POINT	RIFAMYCIN	RIFAMYCIN	NA	0	NA	NA	NA	NA	NA	NA	NA	NA
NA	NA	0	0	NA	soxR_G121D	 [UNKNOWN]	core	AMR	POINT	MULTIDRUG	AMPICILLIN/CHLORAMPHENICOL/QUINOLONE/RIFAMPIN/TETRACYCLINE	NA	0	NA	NA	NA	NA	NA	NA	NA	NA
NA	NA	0	0	NA	soxR_R20H	 [UNKNOWN]	core	AMR	POINT	MULTIDRUG	AMPICILLIN/CHLORAMPHENICOL/QUINOLONE/RIFAMPIN/TETRACYCLINE	NA	0	NA	NA	NA	NA	NA	NA	NA	NA
NA	NA	0	0	NA	soxS_A12S	 [UNKNOWN]	core	AMR	POINT	MULTIDRUG	AMPICILLIN/CHLORAMPHENICOL/QUINOLONE/RIFAMPIN/TETRACYCLINE	NA	0	NA	NA	NA	NA	NA	NA	NA	NA
NA	NA	0	0	NA	tufA_A376S	 [UNKNOWN]	core	AMR	POINT	POLYKETIDE	KIRROMYCIN	NA	0	NA	NA	NA	NA	NA	NA	NA	NA
NA	NA	0	0	NA	tufA_A376T	 [UNKNOWN]	core	AMR	POINT	POLYKETIDE	KIRROMYCIN	NA	0	NA	NA	NA	NA	NA	NA	NA	NA
NA	NA	0	0	NA	tufA_A376V	 [UNKNOWN]	core	AMR	POINT	POLYKETIDE	KIRROMYCIN	NA	0	NA	NA	NA	NA	NA	NA	NA	NA
NA	NA	0	0	NA	tufA_E379K	 [UNKNOWN]	core	AMR	POINT	POLYKETIDE	KIRROMYCIN	NA	0	NA	NA	NA	NA	NA	NA	NA	NA
NA	NA	0	0	NA	tufA_G317D	 [UNKNOWN]	core	AMR	POINT	POLYKETIDE	KIRROMYCIN	NA	0	NA	NA	NA	NA	NA	NA	NA	NA
NA	NA	0	0	NA	tufA_L121Q	 [UNKNOWN]	core	AMR	POINT	POLYKETIDE	KIRROMYCIN	NA	0	NA	NA	NA	NA	NA	NA	NA	NA
NA	NA	0	0	NA	tufA_Q125E	 [UNKNOWN]	core	AMR	POINT	POLYKETIDE	KIRROMYCIN	NA	0	NA	NA	NA	NA	NA	NA	NA	NA
NA	NA	0	0	NA	tufA_Q125K	 [UNKNOWN]	core	AMR	POINT	POLYKETIDE	KIRROMYCIN	NA	0	NA	NA	NA	NA	NA	NA	NA	NA
NA	NA	0	0	NA	tufA_Q125R	 [UNKNOWN]	core	AMR	POINT	POLYKETIDE	KIRROMYCIN	NA	0	NA	NA	NA	NA	NA	NA	NA	NA
NA	NA	0	0	NA	tufA_Q330H	 [UNKNOWN]	core	AMR	POINT	POLYKETIDE	KIRROMYCIN	NA	0	NA	NA	NA	NA	NA	NA	NA	NA
NA	NA	0	0	NA	tufA_R231C	 [UNKNOWN]	core	AMR	POINT	POLYKETIDE	PULVOMYCIN	NA	0	NA	NA	NA	NA	NA	NA	NA	NA
NA	NA	0	0	NA	tufA_R231V	 [UNKNOWN]	core	AMR	POINT	POLYKETIDE	PULVOMYCIN	NA	0	NA	NA	NA	NA	NA	NA	NA	NA
NA	NA	0	0	NA	tufA_R234F	 [UNKNOWN]	core	AMR	POINT	POLYKETIDE	PULVOMYCIN	NA	0	NA	NA	NA	NA	NA	NA	NA	NA
NA	NA	0	0	NA	tufA_R234S	 [UNKNOWN]	core	AMR	POINT	POLYKETIDE	PULVOMYCIN	NA	0	NA	NA	NA	NA	NA	NA	NA	NA
NA	NA	0	0	NA	tufA_R334C	 [UNKNOWN]	core	AMR	POINT	POLYKETIDE	PULVOMYCIN	NA	0	NA	NA	NA	NA	NA	NA	NA	NA
NA	NA	0	0	NA	tufA_T335A	 [UNKNOWN]	core	AMR	POINT	POLYKETIDE	PULVOMYCIN	NA	0	NA	NA	NA	NA	NA	NA	NA	NA
NA	NA	0	0	NA	tufA_Y161C	 [UNKNOWN]	core	AMR	POINT	POLYKETIDE	KIRROMYCIN	NA	0	NA	NA	NA	NA	NA	NA	NA	NA
NA	NA	0	0	NA	tufA_Y161D	 [UNKNOWN]	core	AMR	POINT	POLYKETIDE	KIRROMYCIN	NA	0	NA	NA	NA	NA	NA	NA	NA	NA
NA	NA	0	0	NA	tufA_Y161N	 [UNKNOWN]	core	AMR	POINT	POLYKETIDE	KIRROMYCIN	NA	0	NA	NA	NA	NA	NA	NA	NA	NA
NA	NA	0	0	NA	uhpA_G97D	 [UNKNOWN]	core	AMR	POINT	FOSFOMYCIN	FOSFOMYCIN	NA	0	NA	NA	NA	NA	NA	NA	NA	NA
NA	NA	0	0	NA	uhpT_E350Q	 [UNKNOWN]	core	AMR	POINT	FOSFOMYCIN	FOSFOMYCIN	NA	0	NA	NA	NA	NA	NA	NA	NA	NA
NA	contig05	237	1224	-	23S_A2058G	23S ribosomal RNA [WILDTYPE]	core	AMR	POINT	MACROLIDE	AZITHROMYCIN/ERYTHROMYCIN/TELITHROMYCIN	POINTN	2021	2905	34.01	81.08	1004	NC_004431.1:237160-240064	23S ribosomal RNA	NA	NA
NA	contig05	237	1224	-	23S_A2058T	23S ribosomal RNA [WILDTYPE]	core	AMR	POINT	MACROLIDE	AZITHROMYCIN/ERYTHROMYCIN/TELITHROMYCIN	POINTN	2021	2905	34.01	81.08	1004	NC_004431.1:237160-240064	23S ribosomal RNA	NA	NA
NA	contig05	237	1224	-	23S_C2611T	23S ribosomal RNA [WILDTYPE]	core	AMR	POINT	MACROLIDE	ERYTHROMYCIN/TELITHROMYCIN	POINTN	2021	2905	34.01	81.08	1004	NC_004431.1:237160-240064	23S ribosomal RNA	NA	NA
NA	contig05	237	1224	-	23S_G2057A	23S ribosomal RNA [WILDTYPE]	core	AMR	POINT	MULTIDRUG	CHLORAMPHENICOL/ERYTHROMYCIN/TELITHROMYCIN	POINTN	2021	2905	34.01	81.08	1004	NC_004431.1:237160-240064	23S ribosomal RNA	NA	NA
NA	contig05	237	1224	-	23S_G2447T	23S ribosomal RNA [WILDTYPE]	core	AMR	POINT	OXAZOLIDINONE	LINEZOLID	POINTN	2021	2905	34.01	81.08	1004	NC_004431.1:237160-240064	23S ribosomal RNA	NA	NA
NA	contig05	237	1224	-	23S_T2609C	23S ribosomal RNA [WILDTYPE]	core	AMR	POINT	MACROLIDE	TELITHROMYCIN	POINTN	2021	2905	34.01	81.08	1004	NC_004431.1:237160-240064	23S ribosomal RNA	NA	NA
NA	contig14	1	1089	+	pmrB_C84R	Escherichia colistin resistant PmrB	core	AMR	POINT	COLISTIN	COLISTIN	POINTX	363	363	100.00	99.72	363	WP_001300761.1	two-component system sensor histidine kinase PmrB	NA	NA
NA	contig14	1093	2181	+	pmrB_C84R	Escherichia colistin resistant PmrB	core	AMR	POINT	COLISTIN	COLISTIN	POINTX	363	363	100.00	99.72	363	WP_001300761.1	two-component system sensor histidine kinase PmrB	NA	NA
NA	contig14	2185	3273	+	pmrB_A159P	two-component system sensor histidine kinase PmrB [WILDTYPE]	core	AMR	POINT	COLISTIN	COLISTIN	EXACTX	363	363	100.00	100.00	363	WP_001300761.1	two-component system sensor histidine kinase PmrB	NA	NA
NA	contig14	2185	3273	+	pmrB_A159V	two-component system sensor histidine kinase PmrB [WILDTYPE]	core	AMR	POINT	COLISTIN	COLISTIN	EXACTX	363	363	100.00	100.00	363	WP_001300761.1	two-component system sensor histidine kinase PmrB	NA	NA
NA	contig14	2185	3273	+	pmrB_C84R	two-component system sensor histidine kinase PmrB [WILDTYPE]	core	AMR	POINT	COLISTIN	COLISTIN	EXACTX	363	363	100.00	100.00	363	WP_001300761.1	two-component system sensor histidine kinase PmrB	NA	NA
NA	contig14	2185	3273	+	pmrB_C84Y	two-component system sensor histidine kinase PmrB [WILDTYPE]	core	AMR	POINT	COLISTIN	COLISTIN	EXACTX	363	363	100.00	100.00	363	WP_001300761.1	two-component system sensor histidine kinase PmrB	NA	NA
NA	contig14	2185	3273	+	pmrB_E121K	two-component system sensor histidine kinase PmrB [WILDTYPE]	core	AMR	POINT	COLISTIN	COLISTIN	EXACTX	363	363	100.00	100.00	363	WP_001300761.1	two-component system sensor histidine kinase PmrB	NA	NA
NA	contig14	2185	3273	+	pmrB_E121Q	two-component system sensor histidine kinase PmrB [WILDTYPE]	core	AMR	POINT	COLISTIN	COLISTIN	EXACTX	363	363	100.00	100.00	363	WP_001300761.1	two-component system sensor histidine kinase PmrB	NA	NA
NA	contig14	2185	3273	+	pmrB_E166K	two-component system sensor histidine kinase PmrB [WILDTYPE]	core	AMR	POINT	COLISTIN	COLISTIN	EXACTX	363	363	100.00	100.00	363	WP_001300761.1	two-component system sensor histidine kinase PmrB	NA	NA
NA	contig14	2185	3273	+	pmrB_G206D	two-component system sensor histidine kinase PmrB [WILDTYPE]	core	AMR	POINT	COLISTIN	COLISTIN	EXACTX	363	363	100.00	100.00	363	WP_001300761.1	two-component system sensor histidine kinase PmrB	NA	NA
NA	contig14	2185	3273	+	pmrB_L10P	two-component system sensor histidine kinase PmrB [WILDTYPE]	core	AMR	POINT	COLISTIN	COLISTIN	EXACTX	363	363	100.00	100.00	363	WP_001300761.1	two-component system sensor histidine kinase PmrB	NA	NA
NA	contig14	2185	3273	+	pmrB_L10R	two-component system sensor histidine kinase PmrB [WILDTYPE]	core	AMR	POINT	COLISTIN	COLISTIN	EXACTX	363	363	100.00	100.00	363	WP_001300761.1	two-component system sensor histidine kinase PmrB	NA	NA
NA	contig14	2185	3273	+	pmrB_L14R	two-component system sensor histidine kinase PmrB [WILDTYPE]	core	AMR	POINT	COLISTIN	COLISTIN	EXACTX	363	363	100.00	100.00	363	WP_001300761.1	two-component system sensor histidine kinase PmrB	NA	NA
NA	contig14	2185	3273	+	pmrB_P94L	two-component system sensor histidine kinase PmrB [WILDTYPE]	core	AMR	POINT	COLISTIN	COLISTIN	EXACTX	363	363	100.00	100.00	363	WP_001300761.1	two-component system sensor histidine kinase PmrB	NA	NA
NA	contig14	2185	3273	+	pmrB_P94Q	two-component system sensor histidine kinase PmrB [WILDTYPE]	core	AMR	POINT	COLISTIN	COLISTIN	EXACTX	363	363	100.00	100.00	363	WP_001300761.1	two-component system sensor histidine kinase PmrB	NA	NA
NA	contig14	2185	3273	+	pmrB_P94S	two-component system sensor histidine kinase PmrB [WILDTYPE]	core	AMR	POINT	COLISTIN	COLISTIN	EXACTX	363	363	100.00	100.00	363	WP_001300761.1	two-component system sensor histidine kinase PmrB	NA	NA
NA	contig14	2185	3273	+	pmrB_T147A	two-component system sensor histidine kinase PmrB [WILDTYPE]	core	AMR	POINT	COLISTIN	COLISTIN	EXACTX	363	363	100.00	100.00	363	WP_001300761.1	two-component system sensor histidine kinase PmrB	NA	NA
NA	contig14	2185	3273	+	pmrB_T156M	two-component system sensor histidine kinase PmrB [WILDTYPE]	core	AMR	POINT	COLISTIN	COLISTIN	EXACTX	363	363	100.00	100.00	363	WP_001300761.1	two-component system sensor histidine kinase PmrB	NA	NA
NA	contig14	2185	3273	+	pmrB_V161G	two-component system sensor histidine kinase PmrB [WILDTYPE]	core	AMR	POINT	COLISTIN	COLISTIN	EXACTX	363	363	100.00	100.00	363	WP_001300761.1	two-component system sensor histidine kinase PmrB	NA	NA
NA	contig15	1	2905	+	23S_A2058T	Escherichia azithromycin/erythromycin/telithromycin resistant 23S	core	AMR	POINT	MACROLIDE	AZITHROMYCIN/ERYTHROMYCIN/TELITHROMYCIN	POINTN	5810	2905	100.00	99.97	2905	NC_004431.1:237160-240064	23S ribosomal RNA	NA	NA
NA	contig15	2906	5810	+	23S_A2058G	23S ribosomal RNA [WILDTYPE]	core	AMR	POINT	MACROLIDE	AZITHROMYCIN/ERYTHROMYCIN/TELITHROMYCIN	POINTN	5810	2905	100.00	100.00	2905	NC_004431.1:237160-240064	23S ribosomal RNA	NA	NA
NA	contig15	2906	5810	+	23S_A2058T	23S ribosomal RNA [WILDTYPE]	core	AMR	POINT	MACROLIDE	AZITHROMYCIN/ERYTHROMYCIN/TELITHROMYCIN	POINTN	5810	2905	100.00	100.00	2905	NC_004431.1:237160-240064	23S ribosomal RNA	NA	NA
NA	contig15	2906	5810	+	23S_C2611T	23S ribosomal RNA [WILDTYPE]	core	AMR	POINT	MACROLIDE	ERYTHROMYCIN/TELITHROMYCIN	POINTN	5810	2905	100.00	100.00	2905	NC_004431.1:237160-240064	23S ribosomal RNA	NA	NA
NA	contig15	2906	5810	+	23S_G2032A	23S ribosomal RNA [WILDTYPE]	core	AMR	POINT	LINCOSAMIDE/OXAZOLIDINONE	CLINDAMYCIN/LINEZOLID	POINTN	5810	2905	100.00	100.00	2905	NC_004431.1:237160-240064	23S ribosomal RNA	NA	NA
NA	contig15	2906	5810	+	23S_G2032C	23S ribosomal RNA [WILDTYPE]	core	AMR	POINT	OXAZOLIDINONE	LINEZOLID	POINTN	5810	2905	100.00	100.00	2905	NC_004431.1:237160-240064	23S ribosomal RNA	NA	NA
NA	contig15	2906	5810	+	23S_G2032T	23S ribosomal RNA [WILDTYPE]	core	AMR	POINT	MACROLIDE/OXAZOLIDINONE	CLARITHROMYCIN/LINEZOLID	POINTN	5810	2905	100.00	100.00	2905	NC_004431.1:237160-240064	23S ribosomal RNA	NA	NA
NA	contig15	2906	5810	+	23S_G2057A	23S ribosomal RNA [WILDTYPE]	core	AMR	POINT	MULTIDRUG	CHLORAMPHENICOL/ERYTHROMYCIN/TELITHROMYCIN	POINTN	5810	2905	100.00	100.00	2905	NC_004431.1:237160-240064	23S ribosomal RNA	NA	NA
NA	contig15	2906	5810	+	23S_G2447T	23S ribosomal RNA [WILDTYPE]	core	AMR	POINT	OXAZOLIDINONE	LINEZOLID	POINTN	5810	2905	100.00	100.00	2905	NC_004431.1:237160-240064	23S ribosomal RNA	NA	NA
NA	contig15	2906	5810	+	23S_T2609C	23S ribosomal RNA [WILDTYPE]	core	AMR	POINT	MACROLIDE	TELITHROMYCIN	POINTN	5810	2905	100.00	100.00	2905	NC_004431.1:237160-240064	23S ribosomal RNA	NA	NA
NA	contig15	2906	5810	+	23S_T754A	23S ribosomal RNA [WILDTYPE]	core	AMR	POINT	MACROLIDE	ERYTHROMYCIN/TELITHROMYCIN	POINTN	5810	2905	100.00	100.00	2905	NC_004431.1:237160-240064	23S ribosomal RNA	NA	NA
NA	contig16	1	720	+	nfsA_G131D	nitroreductase NfsA [WILDTYPE]	core	AMR	POINT	NITROFURAN	NITROFURANTOIN	POINTX	240	240	100.00	99.17	240	WP_089631889.1	nitroreductase NfsA	NA	NA
NA	contig16	1	720	+	nfsA_K141STOP	Escherichia nitrofurantoin resistant NfsA	core	AMR	POINT	NITROFURAN	NITROFURANTOIN	POINTX	240	240	100.00	99.17	240	WP_089631889.1	nitroreductase NfsA	NA	NA
NA	contig16	1	720	+	nfsA_Q44STOP	nitroreductase NfsA [WILDTYPE]	core	AMR	POINT	NITROFURAN	NITROFURANTOIN	POINTX	240	240	100.00	99.17	240	WP_089631889.1	nitroreductase NfsA	NA	NA
NA	contig16	1	720	+	nfsA_R133S	nitroreductase NfsA [WILDTYPE]	core	AMR	POINT	NITROFURAN	NITROFURANTOIN	POINTX	240	240	100.00	99.17	240	WP_089631889.1	nitroreductase NfsA	NA	NA
NA	contig16	1	720	+	nfsA_R15C	Escherichia nitrofurantoin resistant NfsA	core	AMR	POINT	NITROFURAN	NITROFURANTOIN	POINTX	240	240	100.00	99.17	240	WP_089631889.1	nitroreductase NfsA	NA	NA
NA	contig16	1	720	+	nfsA_R203C	nitroreductase NfsA [WILDTYPE]	core	AMR	POINT	NITROFURAN	NITROFURANTOIN	POINTX	240	240	100.00	99.17	240	WP_089631889.1	nitroreductase NfsA	NA	NA
NA	contig16	1	720	+	nfsA_R203L	nitroreductase NfsA [WILDTYPE]	core	AMR	POINT	NITROFURAN	NITROFURANTOIN	POINTX	240	240	100.00	99.17	240	WP_089631889.1	nitroreductase NfsA	NA	NA
NA	contig16	1	720	+	nfsA_S33R	nitroreductase NfsA [WILDTYPE]	core	AMR	POINT	NITROFURAN	NITROFURANTOIN	POINTX	240	240	100.00	99.17	240	WP_089631889.1	nitroreductase NfsA	NA	NA
NA	contig17	1	247	+	ampC_C-11T	ampC/blaEC promoter region [WILDTYPE]	core	AMR	POINT	BETA-LACTAM	CEPHALOSPORIN	POINTN	247	245	100.00	99.19	247	NZ_CP041538.1:1149245-1149489	ampC/blaEC promoter region	NA	NA
NA	contig17	1	247	+	ampC_C-42A	ampC/blaEC promoter region [WILDTYPE]	core	AMR	POINT	BETA-LACTAM	CEPHALOSPORIN	POINTN	247	245	100.00	99.19	247	NZ_CP041538.1:1149245-1149489	ampC/blaEC promoter region	NA	NA
NA	contig17	1	247	+	ampC_C-42G	ampC/blaEC promoter region [WILDTYPE]	core	AMR	POINT	BETA-LACTAM	CEPHALOSPORIN	POINTN	247	245	100.00	99.19	247	NZ_CP041538.1:1149245-1149489	ampC/blaEC promoter region	NA	NA
NA	contig17	1	247	+	ampC_C-42T	ampC/blaEC promoter region [WILDTYPE]	core	AMR	POINT	BETA-LACTAM	CEPHALOSPORIN	POINTN	247	245	100.00	99.19	247	NZ_CP041538.1:1149245-1149489	ampC/blaEC promoter region	NA	NA
NA	contig17	1	247	+	ampC_G-15GG	ampC/blaEC promoter region [WILDTYPE]	core	AMR	POINT	BETA-LACTAM	CEPHALOSPORIN	POINTN	247	245	100.00	99.19	247	NZ_CP041538.1:1149245-1149489	ampC/blaEC promoter region	NA	NA
NA	contig17	1	247	+	ampC_T-14TGT	Escherichia cephalosporin resistant ampC	core	AMR	POINT	BETA-LACTAM	CEPHALOSPORIN	POINTN	247	245	100.00	99.19	247	NZ_CP041538.1:1149245-1149489	ampC/blaEC promoter region	NA	NA
NA	contig17	1	247	+	ampC_T-14TGT	ampC/blaEC promoter region [WILDTYPE]	core	AMR	POINT	BETA-LACTAM	CEPHALOSPORIN	POINTN	247	245	100.00	99.19	247	NZ_CP041538.1:1149245-1149489	ampC/blaEC promoter region	NA	NA
NA	contig17	1	247	+	ampC_T-32A	ampC/blaEC promoter region [WILDTYPE]	core	AMR	POINT	BETA-LACTAM	CEPHALOSPORIN	POINTN	247	245	100.00	99.19	247	NZ_CP041538.1:1149245-1149489	ampC/blaEC promoter region	NA	NA
NA	contig17	1	247	+	ampC_T-32C	ampC/blaEC promoter region [WILDTYPE]	core	AMR	POINT	BETA-LACTAM	CEPHALOSPORIN	POINTN	247	245	100.00	99.19	247	NZ_CP041538.1:1149245-1149489	ampC/blaEC promoter region	NA	NA
NA	contig17	1	247	+	ampC_T-32G	ampC/blaEC promoter region [WILDTYPE]	core	AMR	POINT	BETA-LACTAM	CEPHALOSPORIN	POINTN	247	245	100.00	99.19	247	NZ_CP041538.1:1149245-1149489	ampC/blaEC promoter region	NA	NA
