Protein id	Contig id	Start	Stop	Strand	Element symbol	Element name	Scope	Type	Subtype	Class	Subclass	Method	Target length	Reference sequence length	% Coverage of reference	% Identity to reference	Alignment length	Closest reference accession	Closest reference name	HMM accession	HMM description	Hierarchy node
NA	cirA_A169insTer10	47	5134	+	cirA_A169insTer10	Klebsiella pneumoniae cefiderocol resistant CirA	core	AMR	POINT_DISRUPT	BETA-LACTAM	CEFIDEROCOL	POINTX	1696	657	100.00	99.85	657	WP_002912926.1	catecholate siderophore receptor CirA	NA	NA	cirA
NA	cirA_K633LfsTer8	13	3644	+	cirA_K633LfsTer8	Klebsiella pneumoniae cefiderocol resistant CirA	core	AMR	POINT_DISRUPT	BETA-LACTAM	CEFIDEROCOL	POINTX	1210	657	100.00	100.00	657	WP_002912926.1	catecholate siderophore receptor CirA	NA	NA	cirA
NA	cirA_N184NRHSEWTer	69	6059	+	cirA_N184NRHSEWTer	Klebsiella pneumoniae cefiderocol resistant CirA	core	AMR	POINT_DISRUPT	BETA-LACTAM	CEFIDEROCOL	POINTX	1997	657	100.00	100.00	657	WP_002912926.1	catecholate siderophore receptor CirA	NA	NA	cirA
NA	cirA_N184NRHSEWTer	2058	2930	-	blaCTX-M-15	extended-spectrum class A beta-lactamase CTX-M-15	core	AMR	AMR	BETA-LACTAM	CEPHALOSPORIN	ALLELEX	291	291	100.00	100.00	291	WP_000239590.1	extended-spectrum class A beta-lactamase CTX-M-15	NA	NA	blaCTX-M-15
NA	cirA_Q562Ter	164	2134	-	cirA_Q562Ter	Klebsiella pneumoniae cefiderocol resistant CirA	core	AMR	POINT_DISRUPT	BETA-LACTAM	CEFIDEROCOL	POINTX	657	657	100.00	99.85	657	WP_002912926.1	catecholate siderophore receptor CirA	NA	NA	cirA
NA	cirA_T98Ter	14	1973	+	cirA_T98Ter	Klebsiella pneumoniae cefiderocol resistant CirA	core	AMR	POINT_DISRUPT	BETA-LACTAM	CEFIDEROCOL	POINTX	653	657	100.00	95.59	658	WP_002912926.1	catecholate siderophore receptor CirA	NA	NA	cirA
NA	cirA_Y253CfsTer5	60	833	+	cirA_Y253CfsTer5	Klebsiella pneumoniae cefiderocol resistant CirA	core	AMR	POINT	BETA-LACTAM	CEFIDEROCOL	POINTX	258	258	100.00	100.00	258	WP_002912926.1	catecholate siderophore receptor CirA	NA	NA	cirA
NA	ompK35_R60LfsTer31	18	1101	+	ompK35_R60LfsTer31	Klebsiella pneumoniae carbapenem resistant OmpK35	core	AMR	POINT_DISRUPT	BETA-LACTAM	CARBAPENEM	POINTX	361	359	100.00	100.00	359	WP_004141771.1	outer membrane porin OmpK35	NA	NA	ompK35
